###############################################################################
#
# IAR ELF Linker V2.20.1.176 for STM8                     17/Feb/2022  13:57:01
# Copyright 2010-2015 IAR Systems AB.
#
#    Output file  =  
#        C:\Users\Alexsandr\Desktop\IAR_PROJECT\STM8L_DISCOVERY_KIT\STUDY_OF_MEMORY\Debug\Exe\STUDY_OF_MEMORY.out
#    Map file     =  
#        C:\Users\Alexsandr\Desktop\IAR_PROJECT\STM8L_DISCOVERY_KIT\STUDY_OF_MEMORY\Debug\List\STUDY_OF_MEMORY.map
#    Command line =  
#        C:\Users\Alexsandr\Desktop\IAR_PROJECT\STM8L_DISCOVERY_KIT\STUDY_OF_MEMORY\Debug\Obj\main.o
#        --redirect _Printf=_PrintfFullNoMb --redirect _Scanf=_ScanfFullNoMb -o
#        C:\Users\Alexsandr\Desktop\IAR_PROJECT\STM8L_DISCOVERY_KIT\STUDY_OF_MEMORY\Debug\Exe\STUDY_OF_MEMORY.out
#        --map
#        C:\Users\Alexsandr\Desktop\IAR_PROJECT\STM8L_DISCOVERY_KIT\STUDY_OF_MEMORY\Debug\List\STUDY_OF_MEMORY.map
#        --config "C:\Program Files (x86)\IAR Systems\Embedded Workbench
#        7.3\stm8\config\lnkstm8l152c6.icf" --config_def _CSTACK_SIZE=0x100
#        --config_def _HEAP_SIZE=0x100 --entry __iar_program_start --debug_lib
#
###############################################################################

*******************************************************************************
*** RUNTIME MODEL ATTRIBUTES
***

__SystemLibrary            = DLib
__code_model               = small
__core                     = stm8
__data_model               = medium
__dlib_file_descriptor     = 0
__dlib_full_locale_support = 0
__rt_version               = 4


*******************************************************************************
*** PLACEMENT SUMMARY
***

"A1":  place at start of [0x000000-0x0000ff] { rw section .vregs };
"A2":  place at end of [0x000000-0x0007ff] { block CSTACK };
"A3":  place at start of [0x008000-0x00ffff] { block INTVEC };
"P3":  place in [from 0x008000 to 0x00ffff] {
          ro section __DLIB_PERTHREAD_init, ro section .far.data_init,
          ro section .far_func.textrw_init, ro section .huge.data_init,
          ro section .huge_func.textrw_init, ro section .iar.init_table,
          ro section .init_array, ro section .near.data_init,
          ro section .near.rodata, ro section .near_func.text,
          ro section .near_func.textrw_init, ro section .tiny.data_init,
          ro section .tiny.rodata_init };

  Section          Kind      Address   Size  Object
  -------          ----      -------   ----  ------
"A1":                                   0xc
  .vregs           uninit   0x000000    0xc  vregs.o [4]
                          - 0x00000c    0xc

"A2":                                 0x100
  CSTACK                    0x000700  0x100  <Block>
    CSTACK         uninit   0x000700  0x100  <Block tail>
                          - 0x000800  0x100

Absolute sections, part 1 of 5:         0x1
  .near.noinit     uninit   0x00500c    0x1  main.o [1]
                          - 0x00500d    0x1

Absolute sections, part 2 of 5:         0x1
  .near.noinit     uninit   0x0050c0    0x1  main.o [1]
                          - 0x0050c1    0x1

Absolute sections, part 3 of 5:         0x1
  .near.noinit     uninit   0x0050c3    0x1  main.o [1]
                          - 0x0050c4    0x1

Absolute sections, part 4 of 5:         0x3
  .near.noinit     uninit   0x005231    0x1  main.o [1]
  .near.noinit     uninit   0x005232    0x1  main.o [1]
  .near.noinit     uninit   0x005233    0x1  main.o [1]
                          - 0x005234    0x3

Absolute sections, part 5 of 5:         0x1
  .near.noinit     uninit   0x005235    0x1  main.o [1]
                          - 0x005236    0x1

"A3":                                  0x80
  INTVEC                    0x008000   0x80  <Block>
    .intvec        const    0x008000   0x80  interrupt.o [4]
                          - 0x008080   0x80

"P3":                                  0x8e
  .near_func.text  ro code  0x008080   0x21  main.o [1]
  .near_func.text  ro code  0x0080a1   0x18  vreg_util.o [4]
  .near_func.text  ro code  0x0080b9   0x17  init.o [4]
  .near_func.text  ro code  0x0080d0   0x14  __dbg_xxexit.o [3]
  .near_func.text  ro code  0x0080e4   0x13  cstartup.o [4]
  .near_func.text  ro code  0x0080f7    0x5  main.o [1]
  .near_func.text  ro code  0x0080fc    0x5  cexit.o [4]
  .near_func.text  ro code  0x008101    0x3  interrupt.o [4]
  .near_func.text  ro code  0x008104    0x3  low_level_init.o [4]
  .near_func.text  ro code  0x008107    0x3  exit.o [4]
  .near_func.text  ro code  0x00810a    0x3  unhandled_exception.o [4]
  .near_func.text  ro code  0x00810d    0x1  __dbg_break.o [3]
                          - 0x00810e   0x8e



*******************************************************************************
*** MODULE SUMMARY
***

    Module                 ro code  ro data  rw data  rw data
                                                       (abs)
    ------                 -------  -------  -------  -------
C:\Users\Alexsandr\Desktop\IAR_PROJECT\STM8L_DISCOVERY_KIT\STUDY_OF_MEMORY\Debug\Obj: [1]
    main.o                      38                          7
    ---------------------------------------------------------
    Total:                      38                          7

command line: [2]
    ---------------------------------------------------------
    Total:

dbgstm8smd.a: [3]
    __dbg_break.o                1
    __dbg_xxexit.o              20
    ---------------------------------------------------------
    Total:                      21

dlstm8smn.a: [4]
    cexit.o                      5
    cstartup.o                  19
    exit.o                       3
    init.o                      23
    interrupt.o                  3      128
    low_level_init.o             3
    unhandled_exception.o        3
    vreg_util.o                 24
    vregs.o                                       12
    ---------------------------------------------------------
    Total:                      83      128       12

    Linker created                               256
-------------------------------------------------------------
    Grand Total:               142      128      268        7


*******************************************************************************
*** ENTRY LIST
***

Entry                    Address  Size  Type      Object
-----                    -------  ----  ----      ------
?b0                     0x000000        Data  Gb  vregs.o [4]
?b1                     0x000001        Data  Gb  vregs.o [4]
?b10                    0x00000a        Data  Gb  vregs.o [4]
?b11                    0x00000b        Data  Gb  vregs.o [4]
?b2                     0x000002        Data  Gb  vregs.o [4]
?b3                     0x000003        Data  Gb  vregs.o [4]
?b4                     0x000004        Data  Gb  vregs.o [4]
?b5                     0x000005        Data  Gb  vregs.o [4]
?b6                     0x000006        Data  Gb  vregs.o [4]
?b7                     0x000007        Data  Gb  vregs.o [4]
?b8                     0x000008        Data  Gb  vregs.o [4]
?b9                     0x000009        Data  Gb  vregs.o [4]
?e0                     0x000001        Data  Gb  vregs.o [4]
?e1                     0x000005        Data  Gb  vregs.o [4]
?e2                     0x000009        Data  Gb  vregs.o [4]
?l0                     0x000000        Data  Gb  vregs.o [4]
?l1                     0x000004        Data  Gb  vregs.o [4]
?l2                     0x000008        Data  Gb  vregs.o [4]
?push_w4                0x0080a1        Code  Gb  vreg_util.o [4]
?w0                     0x000000        Data  Gb  vregs.o [4]
?w1                     0x000002        Data  Gb  vregs.o [4]
?w2                     0x000004        Data  Gb  vregs.o [4]
?w3                     0x000006        Data  Gb  vregs.o [4]
?w4                     0x000008        Data  Gb  vregs.o [4]
?w5                     0x00000a        Data  Gb  vregs.o [4]
CSTACK$$Base            0x000700         --   Gb  - Linker created -
CSTACK$$Limit           0x000800         --   Gb  - Linker created -
INTVEC$$Base            0x008000         --   Gb  - Linker created -
INTVEC$$Limit           0x008080         --   Gb  - Linker created -
Region$$Table$$Base   0x00000000         --   Gb  - Linker created -
Region$$Table$$Limit  0x00000000         --   Gb  - Linker created -
USART1_DR               0x005231   0x1  Data  Gb  main.o [1]
_A_CLK_CKDIVR           0x0050c0   0x1  Data  Gb  main.o [1]
_A_CLK_PCKENR1          0x0050c3   0x1  Data  Gb  main.o [1]
_A_PC_DDR               0x00500c   0x1  Data  Gb  main.o [1]
_A_USART1_BRR1          0x005232   0x1  Data  Gb  main.o [1]
_A_USART1_BRR2          0x005233   0x1  Data  Gb  main.o [1]
_A_USART1_CR2           0x005235   0x1  Data  Gb  main.o [1]
__DebugBreak            0x00810d   0x1  Code  Gb  __dbg_break.o [3]
__exit                  0x0080d0  0x14  Code  Gb  __dbg_xxexit.o [3]
__iar_data_init2        0x0080b9  0x17  Code  Gb  init.o [4]
__iar_program_start     0x0080e4        Code  Gb  cstartup.o [4]
__iar_unhandled_exception
                        0x00810a        Code  Gb  unhandled_exception.o [4]
__intvec                0x008000        Data  Gb  interrupt.o [4]
__low_level_init        0x008104   0x3  Code  Gb  low_level_init.o [4]
_exit                   0x0080fc        Code  Gb  cexit.o [4]
exit                    0x008107   0x3  Code  Gb  exit.o [4]
init_uart               0x008080  0x21  Code  Gb  main.o [1]
main                    0x0080f7   0x5  Code  Gb  main.o [1]


[1] = C:\Users\Alexsandr\Desktop\IAR_PROJECT\STM8L_DISCOVERY_KIT\STUDY_OF_MEMORY\Debug\Obj
[2] = command line
[3] = dbgstm8smd.a
[4] = dlstm8smn.a

  142 bytes of readonly  code memory
  128 bytes of readonly  data memory
  268 bytes of readwrite data memory (+ 7 absolute)

Errors: none
Warnings: none
